============================= test session starts ==============================
platform darwin -- Python 3.11.2, pytest-8.4.2, pluggy-1.6.0 -- /Users/takurot/src/sfdao/.venv/bin/python
cachedir: .pytest_cache
rootdir: /Users/takurot/src/sfdao
configfile: pyproject.toml
plugins: cov-6.3.0
collecting ... collected 1 item

tests/e2e/test_run_pipeline_smoke.py::test_run_pipeline_smoke FAILED     [100%]

=================================== FAILURES ===================================
___________________________ test_run_pipeline_smoke ____________________________

tmp_path = PosixPath('/private/var/folders/0z/wsc39bn52pvb9c3clp9fjdf80000gq/T/pytest-of-takurot/pytest-63/test_run_pipeline_smoke0')

    def test_run_pipeline_smoke(tmp_path: Path):
        """Test the full 'sfdao run' pipeline with small data."""
        # 1. Prepare data
        real_csv = tmp_path / "real.csv"
        import pandas as pd
        import numpy as np
        df = pd.DataFrame({
            "amount": np.random.rand(50) * 1000,
            "category": np.random.choice(["A", "B", "C"], 50),
            "label": [0] * 45 + [1] * 5
        })
        df.to_csv(real_csv, index=False)
    
        # 2. Prepare Config in a file
        config_data = {
            "version": "1.0",
            "seed": 42,
            "generator": {
                "type": "baseline",
                "n_samples": 20
            },
            "audit": {
                "output_format": ["html"]
            }
        }
        config_file = tmp_path / "config.yaml"
        with open(config_file, "w") as f:
            yaml.dump(config_data, f)
    
        # 3. Define output directory
        out_dir = tmp_path / "output"
    
        # 4. Run 'sfdao run'
        result = subprocess.run(
            [
                sys.executable,
                "-m",
                "sfdao.cli.main",
                "run",
                "--real", str(real_csv),
                "--config", str(config_file),
                "--out-dir", str(out_dir),
                "--quiet"
            ],
            capture_output=True,
            text=True
        )
    
        # 5. Assertions
>       assert result.returncode == 0, f"Command failed with stderr: {result.stderr}"
E       AssertionError: Command failed with stderr: <frozen runpy>:128: RuntimeWarning: 'sfdao.cli.main' found in sys.modules after import of package 'sfdao.cli', but prior to execution of 'sfdao.cli.main'; this may result in unpredictable behaviour
E         Usage: python -m 
E         sfdao.cli.main run 
E                    [OPTIONS]
E         Try 'python -m 
E         sfdao.cli.main run 
E         --help' for help.
E         ╭─ Error ──────────╮
E         │ Invalid value: 2 │
E         │ validation       │
E         │ errors for       │
E         │ Phase2Config     │
E         │ version          │
E         │   Input should   │
E         │ be a valid       │
E         │ integer          │
E         │ [type=int_type,  │
E         │ input_value='1.0 │
E         │ ',               │
E         │ input_type=str]  │
E         │     For further  │
E         │ information      │
E         │ visit            │
E         │ https://errors.p │
E         │ ydantic.dev/2.12 │
E         │ /v/int_type      │
E         │ audit.output_for │
E         │ mat              │
E         │   Extra inputs   │
E         │ are not          │
E         │ permitted        │
E         │ [type=extra_forb │
E         │ idden,           │
E         │ input_value=['ht │
E         │ ml'],            │
E         │ input_type=list] │
E         │     For further  │
E         │ information      │
E         │ visit            │
E         │ https://errors.p │
E         │ ydantic.dev/2.12 │
E         │ /v/extra_forbidd │
E         │ en               │
E         ╰──────────────────╯
E         
E       assert 2 == 0
E        +  where 2 = CompletedProcess(args=['/Users/takurot/src/sfdao/.venv/bin/python', '-m', 'sfdao.cli.main', 'run', '--real', '/private/var/folders/0z/wsc39bn52pvb9c3clp9fjdf80000gq/T/pytest-of-takurot/pytest-63/test_run_pipeline_smoke0/real.csv', '--config', '/private/var/folders/0z/wsc39bn52pvb9c3clp9fjdf80000gq/T/pytest-of-takurot/pytest-63/test_run_pipeline_smoke0/config.yaml', '--out-dir', '/private/var/folders/0z/wsc39bn52pvb9c3clp9fjdf80000gq/T/pytest-of-takurot/pytest-63/test_run_pipeline_smoke0/output', '--quiet'], returncode=2, stdout='', stderr="<frozen runpy>:128: RuntimeWarning: 'sfdao.cli.main' found in sys.modules after import of package 'sfdao.cli', but prior to execution of 'sfdao.cli.main'; this may result in unpredictable behaviour\nUsage: python -m \nsfdao.cli.main run \n           [OPTIONS]\nTry 'python -m \nsfdao.cli.main run \n--help' for help.\n\u256d\u2500 Error \u2500\u2500\u2500\u2500\u2500\u2500\u2500\u2500\u2500\u2500\u256e\n\u2502 Invalid value: 2 \u2502\n\u2502 validation       \u2502\n\u2502 errors for       \u2502\n\u2502 Phase2Config     \u2502\n\u2502 version          \u2502\n\u2502   Input should   \u2502\n\u2502 be a valid       \u2502\n\u2502 integer          \u2502\n\u2502 [type=int_type,  \u2502\n\u2502 input_value='1.0 \u2502\n\u2502 ',               \u2502\n\u2502 input_type=str]  \u2502\n\u2502     For further  \u2502\n\u2502 information      \u2502\n\u2502 visit            \u2502\n\u2502 https://errors.p \u2502\n\u2502 ydantic.dev/2.12 \u2502\n\u2502 /v/int_type      \u2502\n\u2502 audit.output_for \u2502\n\u2502 mat              \u2502\n\u2502   Extra inputs   \u2502\n\u2502 are not          \u2502\n\u2502 permitted        \u2502\n\u2502 [type=extra_forb \u2502\n\u2502 idden,           \u2502\n\u2502 input_value=['ht \u2502\n\u2502 ml'],            \u2502\n\u2502 input_type=list] \u2502\n\u2502     For further  \u2502\n\u2502 information      \u2502\n\u2502 visit            \u2502\n\u2502 https://errors.p \u2502\n\u2502 ydantic.dev/2.12 \u2502\n\u2502 /v/extra_forbidd \u2502\n\u2502 en               \u2502\n\u2570\u2500\u2500\u2500\u2500\u2500\u2500\u2500\u2500\u2500\u2500\u2500\u2500\u2500\u2500\u2500\u2500\u2500\u2500\u256f\n").returncode

tests/e2e/test_run_pipeline_smoke.py:64: AssertionError
================================ tests coverage ================================
_______________ coverage: platform darwin, python 3.11.2-final-0 _______________

Name                                  Stmts   Miss  Cover   Missing
-------------------------------------------------------------------
sfdao/__init__.py                         2      0   100%
sfdao/cli/__init__.py                     2      0   100%
sfdao/cli/audit.py                      125    104    17%   47-153, 163-181, 189-207, 214-231, 235-243
sfdao/cli/main.py                       116     76    34%   38-39, 45, 47, 49, 55-60, 68-69, 146-149, 204-236, 291-350
sfdao/config/__init__.py                  3      0   100%
sfdao/config/loader.py                   25      6    76%   17, 19, 25, 34-37
sfdao/config/models.py                   29      0   100%
sfdao/evaluator/__init__.py               5      0   100%
sfdao/evaluator/financial_facts.py       82     54    34%   37-43, 55-64, 73-78, 81-100, 103-113, 116-122, 125-126, 129-130
sfdao/evaluator/privacy.py               58     47    19%   19-28, 35-44, 49-61, 64-65, 68-87
sfdao/evaluator/privacy_cli.py           31     31     0%   1-49
sfdao/evaluator/scoring.py               78     43    45%   55-60, 68-90, 93, 98-101, 104-106, 113-137, 140
sfdao/evaluator/statistical.py           43     27    37%   23-28, 37-60, 63-69, 72-73
sfdao/generator/__init__.py               3      0   100%
sfdao/generator/base.py                  14      2    86%   14, 18
sfdao/generator/baseline.py             117     76    35%   59-63, 66-77, 80-97, 102-135, 144-149, 153-154, 160-166, 171-185
sfdao/generator/factory.py               12      4    67%   19-23
sfdao/guard/base.py                      46     26    43%   23-24, 28, 33-34, 38-67
sfdao/guard/engine.py                     2      0   100%
sfdao/ingestion/__init__.py               5      0   100%
sfdao/ingestion/financial_domain.py      58     33    43%   31-33, 36-37, 40, 43-52, 55, 58, 61-78
sfdao/ingestion/loader.py                36     25    31%   14-23, 28-40, 44-45, 49-56
sfdao/ingestion/schema.py                24      6    75%   27-28, 36-40
sfdao/ingestion/type_detector.py         65     45    31%   27-43, 46-61, 64-77, 80-85, 88-94
sfdao/reporter/__init__.py                4      0   100%
sfdao/reporter/base.py                   37     19    49%   28-72, 75-82, 86
sfdao/reporter/html.py                   18      8    56%   19-23, 29-31, 34
sfdao/reporter/pdf.py                    16      7    56%   20, 23-24, 27-33
sfdao/scenario/__init__.py                0      0   100%
sfdao/scenario/engine.py                 28     16    43%   19-21, 25-51
sfdao/scenario/loader.py                 10      4    60%   13-18
sfdao/scenario/models.py                 15      0   100%
sfdao/scenario/transformations.py        61     33    46%   27-29, 33, 42-46, 55-58, 67-70, 79-83, 92-110
-------------------------------------------------------------------
TOTAL                                  1170    692    41%
=========================== short test summary info ============================
FAILED tests/e2e/test_run_pipeline_smoke.py::test_run_pipeline_smoke - AssertionError: Command failed with stderr: <frozen runpy>:128: RuntimeWarning: 'sfdao.cli.main' found in sys.modules after import of package 'sfdao.cli', but prior to execution of 'sfdao.cli.main'; this may result in unpredictable behaviour
  Usage: python -m 
  sfdao.cli.main run 
             [OPTIONS]
  Try 'python -m 
  sfdao.cli.main run 
  --help' for help.
  ╭─ Error ──────────╮
  │ Invalid value: 2 │
  │ validation       │
  │ errors for       │
  │ Phase2Config     │
  │ version          │
  │   Input should   │
  │ be a valid       │
  │ integer          │
  │ [type=int_type,  │
  │ input_value='1.0 │
  │ ',               │
  │ input_type=str]  │
  │     For further  │
  │ information      │
  │ visit            │
  │ https://errors.p │
  │ ydantic.dev/2.12 │
  │ /v/int_type      │
  │ audit.output_for │
  │ mat              │
  │   Extra inputs   │
  │ are not          │
  │ permitted        │
  │ [type=extra_forb │
  │ idden,           │
  │ input_value=['ht │
  │ ml'],            │
  │ input_type=list] │
  │     For further  │
  │ information      │
  │ visit            │
  │ https://errors.p │
  │ ydantic.dev/2.12 │
  │ /v/extra_forbidd │
  │ en               │
  ╰──────────────────╯
  
assert 2 == 0
 +  where 2 = CompletedProcess(args=['/Users/takurot/src/sfdao/.venv/bin/python', '-m', 'sfdao.cli.main', 'run', '--real', '/private/var/folders/0z/wsc39bn52pvb9c3clp9fjdf80000gq/T/pytest-of-takurot/pytest-63/test_run_pipeline_smoke0/real.csv', '--config', '/private/var/folders/0z/wsc39bn52pvb9c3clp9fjdf80000gq/T/pytest-of-takurot/pytest-63/test_run_pipeline_smoke0/config.yaml', '--out-dir', '/private/var/folders/0z/wsc39bn52pvb9c3clp9fjdf80000gq/T/pytest-of-takurot/pytest-63/test_run_pipeline_smoke0/output', '--quiet'], returncode=2, stdout='', stderr="<frozen runpy>:128: RuntimeWarning: 'sfdao.cli.main' found in sys.modules after import of package 'sfdao.cli', but prior to execution of 'sfdao.cli.main'; this may result in unpredictable behaviour\nUsage: python -m \nsfdao.cli.main run \n           [OPTIONS]\nTry 'python -m \nsfdao.cli.main run \n--help' for help.\n\u256d\u2500 Error \u2500\u2500\u2500\u2500\u2500\u2500\u2500\u2500\u2500\u2500\u256e\n\u2502 Invalid value: 2 \u2502\n\u2502 validation       \u2502\n\u2502 errors for       \u2502\n\u2502 Phase2Config     \u2502\n\u2502 version          \u2502\n\u2502   Input should   \u2502\n\u2502 be a valid       \u2502\n\u2502 integer          \u2502\n\u2502 [type=int_type,  \u2502\n\u2502 input_value='1.0 \u2502\n\u2502 ',               \u2502\n\u2502 input_type=str]  \u2502\n\u2502     For further  \u2502\n\u2502 information      \u2502\n\u2502 visit            \u2502\n\u2502 https://errors.p \u2502\n\u2502 ydantic.dev/2.12 \u2502\n\u2502 /v/int_type      \u2502\n\u2502 audit.output_for \u2502\n\u2502 mat              \u2502\n\u2502   Extra inputs   \u2502\n\u2502 are not          \u2502\n\u2502 permitted        \u2502\n\u2502 [type=extra_forb \u2502\n\u2502 idden,           \u2502\n\u2502 input_value=['ht \u2502\n\u2502 ml'],            \u2502\n\u2502 input_type=list] \u2502\n\u2502     For further  \u2502\n\u2502 information      \u2502\n\u2502 visit            \u2502\n\u2502 https://errors.p \u2502\n\u2502 ydantic.dev/2.12 \u2502\n\u2502 /v/extra_forbidd \u2502\n\u2502 en               \u2502\n\u2570\u2500\u2500\u2500\u2500\u2500\u2500\u2500\u2500\u2500\u2500\u2500\u2500\u2500\u2500\u2500\u2500\u2500\u2500\u256f\n").returncode
============================== 1 failed in 2.59s ===============================
